QLD (Version 4.8.0)- Link/Load Summary: 'debug\uppgift3_Debug.s19'
SCRIPT FILES FROM THE FOLLOWING PATH(S):
  'C:/Program Files/GMV/EducDist/config/xcc12'

SCRIPT READ FROM THE FOLLOWING FILE(S):
  'default.lsc'

---------------------------
 SEARCHED LIBRARIES:
 'C:/Program Files/GMV/EducDist/lib/xcc12/libcd.e12'
 'C:/Program Files/GMV/EducDist/lib/xcc12/libed.e12'
 'C:/Program Files/GMV/EducDist/lib/xcc12/librtkd.e12'
 'C:/Program Files/GMV/EducDist/lib/xcc12/libccd.e12'

---------------------------
 PROGRAM ENTRY:'__start'
---------------------------
 GROUPS AND SEGMENTS:

  GROUP 'const_group',
   NO SEGMENTS

  GROUP 'test_group', READ ONLY ,allocation to: 00001000 - 000012CD, (size: 718 Bytes)
   00001000 0000100B 'init'
   0000100C 00001295 'text'
   00001296 000012CB 'data'
   000012CC 000012CD 'bss'

  GROUP 'interrupt_vectors', READ ONLY
   NO SEGMENTS
---------------------------
LINKER DEFINED CONSTANTS:
   __rom_code_enabled = 0
   __heap_start = 000012CE
  from segment 'text'
   0000100C '__text__start'
   00001296 '__text__end'
   0000028A '__text__size'
  from segment 'init'
   00001000 '__init__start'
   0000100C '__init__end'
   0000000C '__init__size'
  from segment 'bss'
   000012CC '__bss__start'
   000012CE '__bss__end'
   00000002 '__bss__size'
  from segment 'data'
   00001296 '__data__start'
   000012CC '__data__end'
   00000036 '__data__size'
  from segment 'rodata'
   00000000 '__rodata__start'
   00000000 '__rodata__end'
   00000000 '__rodata__size'
---------------------------
GLOBAL SYMBOL(S):

 in module: 'Init' of type 'O12' defined in file 'Init.o12'
  in segment: 'init'
   00001007 '_exit'
   00001000 '__start'

 in module: 'keyboardML15' of type 'O12' defined in file 'keyboardML15.o12'
  in segment: 'text'
   0000100C '_ML15_Keyboard'
  in segment: 'data'
   00001296 '_keytab'

 in module: 'main' of type 'O12' defined in file 'main.o12'
  in segment: 'text'
   0000104C '_main'

 in module: 'tools' of type 'O12' defined in file 'tools.o12'
  in segment: 'text'
   000010E5 '_alarm'
   000010BE '_delay'
   000010AA '_outzero'
   0000114F '_refpo'
   00001169 '_nstep'
   0000111A '_ddtest'
   00001096 '_outone'
  in segment: 'data'
   000012AE '_bitpattern_0'
   000012A6 '_bitpattern_1'

 in module: 'init_c' of type 'O12' defined in file 'init_c.o12'
  in segment: 'text'
   000011A6 '_IRQHandler'
   00001184 '_init'
   0000119C '_givealarm'
   0000118B '_irqinit'
  in segment: 'bss'
   000012CC '_comnr'
   000012CD '_drcopy'

 in module: 'actions' of type 'O12' defined in file 'actions.o12'
  in segment: 'text'
   000011E9 '_down'
   0000121F '_step'
   000011E0 '_stop'
   000011F9 '_up'
   00001257 '_drill'
   000011CF '_start'
   00001267 '_auto_drill'
  in segment: 'data'
   000012B6 '_pattern'
---
 End of listfile
